---
source: compiler/e2e/test/check/mod.rs
expression: run
---
stderr:
[error]: `this` is only valid within a trait body
  ╭▸ compiler/e2e/test/check/semantic/associated_projection_instance_this/main.ray:5:17
  │
5 │     type Item = this.Item
  ╰╴                ━━━━

[error]: `this` is only valid within a trait body
  ╭▸ compiler/e2e/test/check/semantic/associated_projection_instance_this/main.ray:7:20
  │
7 │ inst WrongHead for this:
  ╰╴                   ━━━━

[error]: Compilation aborted due to 2 error(s)



stdout:
