---
source: compiler/e2e/test/check/mod.rs
expression: run
---
stderr:
[error]: unexpected `extern` keyword, expected `def` keyword, `type` keyword, `pub` keyword
  ╭▸ compiler/e2e/test/check/ffi/invalid_member_syntax/main.ray:2:5
  │
2 │     extern def invoke() -> c_int
  ╰╴    ━━━━━━

[error]: unexpected `extern` keyword, expected `def` keyword, `type` keyword, `pub` keyword
  ╭▸ compiler/e2e/test/check/ffi/invalid_member_syntax/main.ray:5:5
  │
5 │     extern def invoke() -> c_int:
  ╰╴    ━━━━━━

[error]: unexpected new line, expected `where` keyword, indentation block, `\` punctuation
   ╭▸ compiler/e2e/test/check/ffi/invalid_member_syntax/main.ray:12:26
   │
12 │     def invoke() -> c_int
   ╰╴                         ━

[error]: Compilation aborted due to 3 error(s)



stdout:
