---
source: compiler/e2e/test/check/mod.rs
expression: run
---
stderr:
[error]: function body effects do not match its signature: expected `{}`, but found `{FirstHandlerResidual, SecondHandlerResidual, BodyResidual | {any}}`
   ╭▸ compiler/e2e/test/check/tast/run_with_effect/main.ray:14:5
   │
14 │ def test() -> ():
   │     ━━━━ the function body has effects outside its signature
15 │     run:
16 │         Handled.first()
   │         ─────────────── effect `{Handled}` introduced here
17 │         BodyResidual.perform()
   │         ────────────────────── effect `{BodyResidual}` introduced here
   ‡
20 │             FirstHandlerResidual.perform()
   │             ────────────────────────────── effect `{FirstHandlerResidual}` introduced here
21 │         def second():
22 │             SecondHandlerResidual.perform()
   ╰╴            ─────────────────────────────── effect `{SecondHandlerResidual}` introduced here

[error]: effect handler semantics are not implemented yet
   ╭▸ compiler/e2e/test/check/tast/run_with_effect/main.ray:15:5
   │
15 │ ┏     run:
16 │ ┃         Handled.first()
17 │ ┃         BodyResidual.perform()
18 │ ┃     with Handled:
   ‡ ┃
21 │ ┃         def second():
22 │ ┃             SecondHandlerResidual.perform()
   ╰╴┗━━━━━━━━━━━━━━━━━━━━━━━━━━━━━━━━━━━━━━━━━━━┛

[error]: Compilation aborted due to 2 error(s)



stdout:
