---
source: compiler/e2e/test/check/mod.rs
expression: run
---
stderr:
[error]: instance is missing trait method `decode`
   ╭▸ compiler/e2e/test/check/semantic/instance_conformance_invalid/main.ray:10:6
   │
 5 │     def decode(value: int32) -> a
   │         ────── the trait method is declared here
   ‡
10 │ inst BadCodec for Codec[int32]:
   ╰╴     ━━━━━━━━ implement `decode` in this instance

[error]: instance member `encode`: parameter 1 type mismatch
   ╭▸ compiler/e2e/test/check/semantic/instance_conformance_invalid/main.ray:11:16
   │
 6 │     def encode(value: a) -> int32
   │                ──────── the corresponding trait declaration is here
   ‡
11 │     def encode(value: bool) -> int32:
   ╰╴               ━━━━━━━━━━━ expected `int32`, found `bool`

[error]: instance member `convert`: return type mismatch
   ╭▸ compiler/e2e/test/check/semantic/instance_conformance_invalid/main.ray:13:27
   │
 7 │     def convert(value: b) -> b
   │                           ──── the corresponding trait declaration is here
   ‡
13 │     def convert(value: c) -> bool:
   ╰╴                          ━━━━━━━ expected `c`, found `bool`

[error]: instance member `useEffect`: effect row mismatch
   ╭▸ compiler/e2e/test/check/semantic/instance_conformance_invalid/main.ray:15:9
   │
 8 │     def useEffect() -> () \ {Logging}
   │                           ─────────── the corresponding trait declaration is here
   ‡
15 │     def useEffect() -> ():
   ╰╴        ━━━━━━━━━ expected `{Logging}`, found `{}`

[error]: Compilation aborted due to 4 error(s)



stdout:
