---
source: compiler/e2e/test/check/mod.rs
expression: run
---
stderr:
[error]: instance is missing trait method `decode`
   ╭▸ compiler/e2e/test/check/semantic/instance_conformance_invalid/main.ray:10:6
   │
 5 │     def decode(value: int32) -> a
   │         ────── the trait method is declared here
   ‡
10 │ inst BadCodec for Codec[int32]:
   ╰╴     ━━━━━━━━ implement `decode` in this instance

[error]: instance method `encode` has an incompatible signature
   ╭▸ compiler/e2e/test/check/semantic/instance_conformance_invalid/main.ray:11:9
   │
 6 │     def encode(value: a) -> int32
   │         ────── the trait method is declared here
   ‡
11 │     def encode(value: bool) -> int32:
   ╰╴        ━━━━━━ this signature does not match the trait method

[error]: instance method `convert` has an incompatible signature
   ╭▸ compiler/e2e/test/check/semantic/instance_conformance_invalid/main.ray:13:9
   │
 7 │     def convert(value: b) -> b
   │         ─────── the trait method is declared here
   ‡
13 │     def convert(value: c) -> bool:
   ╰╴        ━━━━━━━ this signature does not match the trait method

[error]: instance method `useEffect` has an incompatible signature
   ╭▸ compiler/e2e/test/check/semantic/instance_conformance_invalid/main.ray:15:9
   │
 8 │     def useEffect() -> () \ {Logging}
   │         ───────── the trait method is declared here
   ‡
15 │     def useEffect() -> ():
   ╰╴        ━━━━━━━━━ this signature does not match the trait method

[error]: Compilation aborted due to 4 error(s)



stdout:
