---
source: compiler/e2e/test/check/mod.rs
expression: run
---
stderr:
[error]: assignment requires a mutable lvalue
  ╭▸ compiler/e2e/test/check/tast/non_mutable/main.ray:2:5
  │
2 │     a = 32
  ╰╴    ━ this destination is immutable

[error]: assignment requires a mutable lvalue
  ╭▸ compiler/e2e/test/check/tast/non_mutable/main.ray:7:5
  │
7 │     a.0 = 32
  ╰╴    ━ this destination is immutable

[error]: assignment requires a mutable lvalue
   ╭▸ compiler/e2e/test/check/tast/non_mutable/main.ray:13:9
   │
13 │         a.* = 32
   ╰╴        ━━━ this destination is immutable

[error]: mutable reference-of operation requires a mutable lvalue
   ╭▸ compiler/e2e/test/check/tast/non_mutable/main.ray:18:21
   │
18 │     let b = unsafe: a.*.&mut
   ╰╴                    ━━━ this destination is immutable

[error]: assignment requires a mutable lvalue
   ╭▸ compiler/e2e/test/check/tast/non_mutable/main.ray:23:5
   │
23 │     a.* = 32
   ╰╴    ━━━ this destination is immutable

[error]: mutable reference-of operation requires a mutable lvalue
   ╭▸ compiler/e2e/test/check/tast/non_mutable/main.ray:28:13
   │
28 │     let b = a.*.&mut
   ╰╴            ━━━ this destination is immutable

[error]: Compilation aborted due to 6 error(s)



stdout:
