---
source: compiler/e2e/test/check/mod.rs
expression: run
---
stderr:
[error]: function body effects do not match its signature: expected `{}`, but found `{State[int32] | {any}}`
   ╭▸ compiler/e2e/test/check/tast/function_body_effect/main.ray:9:5
   │
 9 │ def mismatchedTopLevel() -> ():
   │     ━━━━━━━━━━━━━━━━━━ the function body has effects outside its signature
10 │     return withIntState()
   ╰╴           ────────────── effect `{State[int32]}` introduced here

[error]: mismatched types in variable assignment: expected `def() -> () \ {}`, but found `def() -> () \ {State[int32] | {any}}`
   ╭▸ compiler/e2e/test/check/tast/function_body_effect/main.ray:18:37
   │
18 │     let callback: def() -> () \ {} = () -> withIntState()
   ╰╴                                    ━━━━━━━━━━━━━━━━━━━━━

[error]: Compilation aborted due to 2 error(s)



stdout:
