---
source: compiler/e2e/test/check/mod.rs
expression: run
---
stderr:
[error]: mismatched types in binary operation: expected `{equality comparable}`, but found `({numeric}, {numeric})`
  ╭▸ compiler/e2e/test/check/tast/equality_non_primitive/main.ray:2:11
  │
2 │     return (1, 2) == (1, 2)
  ╰╴          ━━━━━━━

[error]: mismatched types in binary operation: expected `{equality comparable}`, but found `({numeric}, {numeric})`
  ╭▸ compiler/e2e/test/check/tast/equality_non_primitive/main.ray:2:21
  │
2 │     return (1, 2) == (1, 2)
  ╰╴                    ━━━━━━━

[error]: mismatched types in binary operation: expected `{equality comparable}`, but found `cstr`
  ╭▸ compiler/e2e/test/check/tast/equality_non_primitive/main.ray:5:12
  │
5 │     return "hello" != "world"
  ╰╴           ━━━━━━━

[error]: mismatched types in binary operation: expected `{equality comparable}`, but found `cstr`
  ╭▸ compiler/e2e/test/check/tast/equality_non_primitive/main.ray:5:23
  │
5 │     return "hello" != "world"
  ╰╴                      ━━━━━━━

[error]: mismatched types in binary operation: expected `{equality comparable}`, but found `*int32`
  ╭▸ compiler/e2e/test/check/tast/equality_non_primitive/main.ray:8:12
  │
8 │     return value == value
  ╰╴           ━━━━━

[error]: mismatched types in binary operation: expected `{equality comparable}`, but found `*int32`
  ╭▸ compiler/e2e/test/check/tast/equality_non_primitive/main.ray:8:21
  │
8 │     return value == value
  ╰╴                    ━━━━━

[error]: mismatched types in binary operation: expected `{equality comparable}`, but found `callable`
   ╭▸ compiler/e2e/test/check/tast/equality_non_primitive/main.ray:11:12
   │
11 │     return callback != callback
   ╰╴           ━━━━━━━━

[error]: mismatched types in binary operation: expected `{equality comparable}`, but found `callable`
   ╭▸ compiler/e2e/test/check/tast/equality_non_primitive/main.ray:11:24
   │
11 │     return callback != callback
   ╰╴                       ━━━━━━━━

[error]: mismatched types in binary operation: expected `bool`, but found `{numeric}`
   ╭▸ compiler/e2e/test/check/tast/equality_non_primitive/main.ray:14:20
   │
14 │     return true == 1
   ╰╴                   ━

[error]: Compilation aborted due to 9 error(s)



stdout:
