---
source: compiler/e2e/test/check/mod.rs
expression: run
---
stderr:
[error]: symbol `get` is already defined in the scope `main.State`
  ╭▸ compiler/e2e/test/check/symbol/effect_redefinition/main.ray:3:9
  │
2 │     def get() -> a
  │         ─── symbol `get` is already defined here
3 │     def get() -> a
  ╰╴        ━━━ redefinition here

[error]: symbol `State` is already defined in the scope `main`
  ╭▸ compiler/e2e/test/check/symbol/effect_redefinition/main.ray:5:5
  │
1 │ eff State[a]:
  │     ───── symbol `State` is already defined here
  ‡
5 │ eff State:
  ╰╴    ━━━━━ redefinition here

[error]: Compilation aborted due to 2 error(s)



stdout:
