---
source: compiler/e2e/test/check/mod.rs
expression: run
---
stderr:
[error]: use of moved value
   ╭▸ compiler/e2e/test/check/memory/nested_loop_break_continue/main.ray:19:17
   │
14 │                 consume(value)
   │                         ───── value moved here
   ‡
19 │         consume(value)
   ╰╴                ━━━━━ value used here after it was moved

[error]: Compilation aborted due to 1 error(s)



stdout:
