---
source: compiler/e2e/test/check/mod.rs
expression: run
---
stderr:
[error]: cannot assign to a place because it is borrowed
   ╭▸ compiler/e2e/test/check/borrow/call_dispatch/main.ray:25:5
   │
24 │     let p = Hold[&int32].hold(x.&)
   │                               ─── immutable borrow occurs here
25 │     x = x + 1           # <-- Expect an error here: `p` came from `x.&`.
   │     ━━━━━━━━━ the borrowed place is assigned here
26 │     let held = p.*
   ╰╴               ─── borrow later used here

[error]: borrowed value does not live long enough
   ╭▸ compiler/e2e/test/check/borrow/call_dispatch/main.ray:32:31
   │
31 │     let y = 0
   │         ─ this variable goes out of scope while it is still borrowed
32 │     let q = Keep[&int32].keep(y.&)      # <-- Expect an error here.
   ╰╴                              ━━━ borrowed value does not live long enough

[error]: Compilation aborted due to 2 error(s)



stdout:
