---
source: compiler/e2e/test/check/mod.rs
expression: run
---
stderr:
[error]: type kind mismatch
  ╭▸ compiler/e2e/test/check/semantic/core_def_invalid/main.ray:4:19
  │
4 │     type Effect = int32
  ╰╴                  ━━━━━ expected an effect row, found a value type

[error]: instance member `call`: parameter 1 type mismatch
  ╭▸ __ray_core__/core.ray:6:18
  │
6 │     pub def call(fn: f, a: this.Args) -> this.Return \ this.Effect
  │                  ───── the corresponding trait declaration is here
  │
  ⸬  compiler/e2e/test/check/semantic/core_def_invalid/main.ray:5:14
  │
5 │     def call(value: bool, a: int32) -> bool:
  ╰╴             ━━━━━━━━━━━ expected `int32`, found `bool`

[error]: instance member `call`: return type mismatch
  ╭▸ __ray_core__/core.ray:6:39
  │
6 │     pub def call(fn: f, a: this.Args) -> this.Return \ this.Effect
  │                                       ────────────── the corresponding trait declaration is here
  │
  ⸬  compiler/e2e/test/check/semantic/core_def_invalid/main.ray:5:37
  │
5 │     def call(value: bool, a: int32) -> bool:
  ╰╴                                    ━━━━━━━ expected `int32`, found `bool`

[error]: instance is missing trait method `Args`
  ╭▸ __ray_core__/core.ray:2:14
  │
2 │     pub type Args
  │              ──── the trait method is declared here
  │
  ⸬  compiler/e2e/test/check/semantic/core_def_invalid/main.ray:8:6
  │
8 │ inst Missing for core.Def[bool]:
  ╰╴     ━━━━━━━ implement `Args` in this instance

[error]: instance is missing trait method `Effect`
  ╭▸ __ray_core__/core.ray:4:14
  │
4 │     pub type Effect: Effect
  │              ────── the trait method is declared here
  │
  ⸬  compiler/e2e/test/check/semantic/core_def_invalid/main.ray:8:6
  │
8 │ inst Missing for core.Def[bool]:
  ╰╴     ━━━━━━━ implement `Effect` in this instance

[error]: instance is missing trait method `call`
  ╭▸ __ray_core__/core.ray:6:13
  │
6 │     pub def call(fn: f, a: this.Args) -> this.Return \ this.Effect
  │             ──── the trait method is declared here
  │
  ⸬  compiler/e2e/test/check/semantic/core_def_invalid/main.ray:8:6
  │
8 │ inst Missing for core.Def[bool]:
  ╰╴     ━━━━━━━ implement `call` in this instance

[error]: function body effects do not match its signature: expected `{}`, but found `<error>`
   ╭▸ compiler/e2e/test/check/semantic/core_def_invalid/main.ray:11:5
   │
11 │ def invalid(value: int32) -> int32:
   │     ━━━━━━━ the function body has effects outside its signature
12 │     return core.Def.call(value, value)
   ╰╴           ─────────────────────────── effect `<error>` introduced here

[error]: symbol `Def` is not found
   ╭▸ compiler/e2e/test/check/semantic/core_def_invalid/main.ray:14:15
   │
14 │ inst Bare for Def[int32]:
   ╰╴              ━━━ symbol `Def` is not found

[error]: an associated type requires an instance dictionary, not a named trait
   ╭▸ compiler/e2e/test/check/semantic/core_def_invalid/main.ray:17:23
   │
17 │ def projection(value: core.Def.Return):
   ╰╴                      ━━━━━━━━━━━━━━━

[error]: type inference is not allowed for `Def` here
   ╭▸ compiler/e2e/test/check/semantic/core_def_invalid/main.ray:17:28
   │
17 │ def projection(value: core.Def.Return):
   │                            ━━━ expected 1 type arguments
   │
   ╰ help: provide all type arguments explicitly

[error]: Compilation aborted due to 10 error(s)



stdout:
