---
source: compiler/e2e/test/check/mod.rs
expression: run
---
stderr:
[error]: overlapping marker implementations
  ╭▸ compiler/e2e/test/check/semantic/marker_implementation_overlap/main.ray:5:1
  │
4 │ impl[a] Send for (a,)
  │ ───────────────────── the first overlapping implementation is here
5 │ impl[b] Send for (b,)
  ╰╴━━━━━━━━━━━━━━━━━━━━━ this marker is already implemented for the same type constructor

[error]: overlapping marker implementations
  ╭▸ compiler/e2e/test/check/semantic/marker_implementation_overlap/main.ray:6:1
  │
4 │ impl[a] Send for (a,)
  │ ───────────────────── the first overlapping implementation is here
5 │ impl[b] Send for (b,)
6 │ impl[a, b] Send for (a, b)
  ╰╴━━━━━━━━━━━━━━━━━━━━━━━━━━ this marker is already implemented for the same type constructor

[error]: Compilation aborted due to 2 error(s)



stdout:
