---
source: compiler/e2e/test/check/mod.rs
expression: run
---
stderr:
[error]: overlapping marker implementations
  ╭▸ compiler/e2e/test/check/semantic/marker_implementation_overlap/main.ray:5:1
  │
4 │ impl[a, b] Send for (a, b)
  │ ────────────────────────── the first overlapping implementation is here
5 │ impl[b, c] Send for (b, c)
  ╰╴━━━━━━━━━━━━━━━━━━━━━━━━━━ this marker is already implemented for the same type constructor

[error]: Compilation aborted due to 1 error(s)



stdout:
