---
source: compiler/e2e/test/check/mod.rs
expression: run
---
stderr:
[error]: use of moved value
   ╭▸ compiler/e2e/test/check/tast/closure_polymorphic_owner/main.ray:12:12
   │
10 │ def ordinary(value: a) given (drop: core.Drop[a]) -> a:
   │              ───── value moved here
11 │     let closure = () -> value
12 │     return value
   ╰╴           ━━━━━ value used here after it was moved

[error]: Compilation aborted due to 1 error(s)



stdout:
