---
source: compiler/e2e/test/check/mod.rs
expression: run
---
stderr:
[error]: mismatched argument types in lambda invocation: expected `int32`, but found `bool`
  ╭▸ compiler/e2e/test/check/tast/indirect_call_argument_type/main.ray:2:21
  │
2 │     return callback(true)
  ╰╴                    ━━━━

[error]: Compilation aborted due to 1 error(s)



stdout:
