---
source: compiler/e2e/test/check/mod.rs
expression: run
---
stderr:
[error]: use of moved value
  ╭▸ compiler/e2e/test/check/semantic/poly_var_instance_path/main.ray:9:35
  │
9 │     return equality.equals(value, value)
  │                            ┬────  ━━━━━ value used here after it was moved
  │                            │
  ╰╴                           value moved here

[error]: Compilation aborted due to 1 error(s)



stdout:
