---
source: compiler/e2e/test/check/mod.rs
expression: run
---
stderr:
[error]: incompatible effect rows `{State[int32]}` and `{State[bool]}`
   ╭▸ compiler/e2e/test/check/tast/incompatible_effect_instantiations/main.ray:20:22
   │
17 │ def main() -> ():
   │     ──── function body effect `{State[bool]}` is checked against its signature here
   ‡
20 │     let conflict = (((withPolyState(varInt), ()), (withPolyState(varBool), ())))
   │                      ┯┬────────────────────━━━━━   ────────────────────── effect `{State[bool]}` introduced here
   │                      ││
   │                      │effect `{State[int32]}` introduced here
   ╰╴                     these effect rows cannot be composed

[error]: Compilation aborted due to 1 error(s)



stdout:
