---
source: compiler/e2e/test/check/mod.rs
expression: run
---
stderr:
[error]: function body effects do not match its signature: expected `{}`, but found `{State[bool] | {any}}`
   ╭▸ compiler/e2e/test/check/tast/incompatible_effect_instantiations/main.ray:17:17
   │
17 │   def main() -> ():
   │ ┏━━━━━━━━━━━━━━━━━┛
18 │ ┃     let varBool = true
19 │ ┃     let varInt = 42
20 │ ┃     let conflict = (((withPolyState(varInt), ()), (withPolyState(varBool), ())))
21 │ ┃     
22 │ ┃     return ()
   ╰╴┗━━━━━━━━━━━━━┛

[error]: incompatible effect row `{State[bool] | {any}}`
   ╭▸ compiler/e2e/test/check/tast/incompatible_effect_instantiations/main.ray:20:21
   │
20 │     let conflict = (((withPolyState(varInt), ()), (withPolyState(varBool), ())))
   ╰╴                    ━━━━━━━━━━━━━━━━━━━━━━━━━━━━━━━━━━━━━━━━━━━━━━━━━━━━━━━━━━━ this expression has effects that cannot be composed

[error]: incompatible effects `{State[{numeric}]}` and `{State[bool]}`
   ╭▸ compiler/e2e/test/check/tast/incompatible_effect_instantiations/main.ray:20:52
   │
20 │     let conflict = (((withPolyState(varInt), ()), (withPolyState(varBool), ())))
   │                       ┬────────────────────        ━━━━━━━━━━━━━━━━━━━━━━ this expression introduces `{State[bool]}`
   │                       │
   ╰╴                      `{State[{numeric}]}` was introduced here

[error]: Compilation aborted due to 3 error(s)



stdout:
