---
source: compiler/e2e/test/check/mod.rs
expression: run
---
stderr:
[error]: unexpected `def` keyword, expected `{ ... }` block, `c_int` keyword, `this` keyword, `bool` keyword, `int32` keyword, `( ... )` block, `float32` keyword, identifier, `*` punctuation, `cstr` keyword
  ╭▸ compiler/e2e/test/check/unsupported_lambda_transport/main.ray:1:49
  │
1 │ def transport(callback: def(int32) -> int32) -> def(int32) -> int32:
  ╰╴                                                ━━━

[error]: Compilation aborted due to 1 error(s)



stdout:
