---
source: compiler/e2e/test/check/mod.rs
assertion_line: 112
expression: run
---
stderr:
[error]: unexpected `extern` keyword, expected indentation block, `\` punctuation
  ╭▸ compiler/e2e/test/check/ffi/invalid_declarations/main.ray:3:1
  │
3 │ extern def hasBody() -> ():
  ╰╴━━━━━━

[error]: unexpected indentation block, expected `def` keyword, `extern` keyword, `trait` keyword, `eff` keyword, `inst` keyword
  ╭▸ compiler/e2e/test/check/ffi/invalid_declarations/main.ray:3:27
  │
3 │   extern def hasBody() -> ():
  │ ┏━━━━━━━━━━━━━━━━━━━━━━━━━━━┛
4 │ ┃     return
  ╰╴┗━━━━━━━━━━┛

[error]: a variadic parameter list is only allowed on an extern definition
  ╭▸ compiler/e2e/test/check/ffi/invalid_declarations/main.ray:6:31
  │
6 │ def rayVariadic(value: int32, ...) -> ():
  ╰╴                              ━━━

[error]: the variadic marker must be last in the parameter list
  ╭▸ compiler/e2e/test/check/ffi/invalid_declarations/main.ray:7:11
  │
7 │       return
  │ ┏━━━━━━━━━━━┛
8 │ ┃
9 │ ┃ extern def misplaced(..., value: c_int) -> c_int
  ╰╴┗━━━━━━━━━━━━━━━━━━━━━━━━━━━━━━━━━━━━━━━━━━━━━━━━┛

[error]: unexpected `\` punctuation, expected `def` keyword, `eff` keyword, `inst` keyword, `extern` keyword, `trait` keyword
   ╭▸ compiler/e2e/test/check/ffi/invalid_declarations/main.ray:11:30
   │
11 │ extern def effectful() -> () \ {}
   ╰╴                             ━

[error]: unexpected `given` keyword, expected `def` keyword, `-` punctuation, `extern` keyword, `eff` keyword, `trait` keyword, `inst` keyword
   ╭▸ compiler/e2e/test/check/ffi/invalid_declarations/main.ray:13:24
   │
13 │ extern def withGiven() given (dictionary: Service)
   ╰╴                       ━━━━━

[error]: unexpected `where` keyword, expected `def` keyword, `extern` keyword, `trait` keyword, `eff` keyword, `inst` keyword
   ╭▸ compiler/e2e/test/check/ffi/invalid_declarations/main.ray:15:35
   │
15 │ extern def constrained() -> c_int where (c_int = c_int)
   ╰╴                                  ━━━━━

[error]: Compilation aborted due to 7 error(s)



stdout:
