---
source: compiler/e2e/test/check/mod.rs
expression: run
---
stderr:
[error]: incompatible effects `a` and `b`
  ╭▸ compiler/e2e/test/check/tast/incompatible_opaque_effect_rows/main.ray:5:27
  │
5 │     let result = (left(), right())
  │                   ┬─────  ━━━━━━━ this expression introduces `b`
  │                   │
  ╰╴                  `a` was introduced here

[error]: Compilation aborted due to 1 error(s)



stdout:
