---
source: compiler/e2e/test/check/mod.rs
expression: run
---
stderr:
[error]: symbol `a` is not found
  ╭▸ compiler/e2e/test/check/tast/polymorphic_return_only/main.ray:1:33
  │
1 │ def test(b: int32, c: int32) -> a:
  ╰╴                                ━ symbol `a` is not found

[error]: mismatched types in return expression: expected `<error>`, but found `int32`
  ╭▸ compiler/e2e/test/check/tast/polymorphic_return_only/main.ray:2:12
  │
2 │     return b
  ╰╴           ━

[error]: Compilation aborted due to 2 error(s)



stdout:
