---
source: compiler/e2e/test/check/mod.rs
expression: run
---
stderr:
[error]: function body effects do not match its signature: expected `{}`, but found `{any}.Effect`
   ╭▸ compiler/e2e/test/check/typed/callable_ambiguous/main.ray:15:5
   │
15 │ def main() -> int32:
   │     ━━━━ the function body has effects outside its signature
16 │     let value: int32 = 42
17 │     return value()
   ╰╴           ─────── effect `{any}.Effect` introduced here

[error]: ambiguous global instances: `core.Def[int32]`
   ╭▸ compiler/e2e/test/check/typed/callable_ambiguous/main.ray:17:12
   │
17 │     return value()
   ╰╴           ━━━━━━━

[error]: mismatched types in return expression: expected `int32`, but found `{any}.Return`
   ╭▸ compiler/e2e/test/check/typed/callable_ambiguous/main.ray:17:12
   │
17 │     return value()
   ╰╴           ━━━━━━━

[error]: mismatched argument types in function call: expected `{any}.Args`, but found `()`
   ╭▸ compiler/e2e/test/check/typed/callable_ambiguous/main.ray:17:17
   │
17 │     return value()
   ╰╴                ━━

[error]: Compilation aborted due to 4 error(s)



stdout:
