---
source: compiler/e2e/test/check/mod.rs
expression: run
---
stderr:
[error]: symbol `first` is already defined in the scope `main`
  ╭▸ compiler/e2e/test/check/symbol/redefinition/main.ray:4:5
  │
1 │ def first() -> ():
  │     ───── symbol `first` is already defined here
  ‡
4 │ def first() -> ():
  ╰╴    ━━━━━ redefinition here

[error]: Compilation aborted due to 1 error(s)



stdout:
