---
source: compiler/e2e/test/check/mod.rs
expression: run
---
stderr:
[error]: where-clause obligation for `main.requireBool` is not satisfied
   ╭▸ compiler/e2e/test/check/tast/generic_instance_display/main.ray:15:5
   │
15 │     requireBool(callback)
   ╰╴    ━━━━━━━━━━━ `callable dictionary.Effect` must equal `{Reader[bool; given GenericEq[bool]]}`

[error]: Compilation aborted due to 1 error(s)



stdout:
