---
source: compiler/e2e/test/check/mod.rs
expression: run
---
stderr:
[error]: explicit type arguments are not allowed for a definition
   ╭▸ compiler/e2e/test/check/semantic/implicit_trait_instance_def_type_arguments/main.ray:11:32
   │
11 │     return dictionary.transform[bool](value)
   ╰╴                               ━━━━━━ these type parameters are implicit

[error]: explicit type arguments are not allowed for a definition
   ╭▸ compiler/e2e/test/check/semantic/implicit_trait_instance_def_type_arguments/main.ray:15:34
   │
15 │     return TransformInt.transform[bool](value)
   ╰╴                                 ━━━━━━ these type parameters are implicit

[error]: explicit type arguments are not allowed for a definition
   ╭▸ compiler/e2e/test/check/semantic/implicit_trait_instance_def_type_arguments/main.ray:19:38
   │
19 │     return Transform[int32].transform[bool](value)
   ╰╴                                     ━━━━━━ these type parameters are implicit

[error]: Compilation aborted due to 3 error(s)



stdout:
