---
source: compiler/e2e/test/check/mod.rs
expression: run
---
stderr:
[error]: if expression condition must be `bool`: expected `bool`, but found `{numeric}`
  ╭▸ compiler/e2e/test/check/tast/if_else_expression/main.ray:2:15
  │
2 │     return if 1: 2 else: 3
  ╰╴              ━

[error]: mismatched types in if expression branches: expected `int32`, but found `bool`
  ╭▸ compiler/e2e/test/check/tast/if_else_expression/main.ray:6:29
  │
6 │     return if true: 1 else: false
  ╰╴                            ━━━━━

[error]: Compilation aborted due to 2 error(s)



stdout:
