---
source: compiler/e2e/test/check/mod.rs
assertion_line: 112
expression: run
---
stderr:
[error]: mismatched types in variable assignment: expected `bool`, but found `{numeric}`
  ╭▸ compiler/e2e/test/check/tast/run_with_handler_typing/main.ray:7:32
  │
7 │         let body_value: bool = 1
  ╰╴                               ━

[error]: mismatched types in variable assignment: expected `bool`, but found `int32`
   ╭▸ compiler/e2e/test/check/tast/run_with_handler_typing/main.ray:12:32
   │
12 │             let copied: bool = value
   ╰╴                               ━━━━━

[error]: mismatched types in return expression: expected `int32`, but found `bool`
   ╭▸ compiler/e2e/test/check/tast/run_with_handler_typing/main.ray:14:20
   │
14 │             return true
   ╰╴                   ━━━━

[error]: Compilation aborted due to 3 error(s)



stdout:
