---
source: compiler/e2e/test/check/mod.rs
expression: run
---
stderr:
[error]: no implicit instance found: `main.Missing[bool]`
   ╭▸ compiler/e2e/test/check/tast/implicit_instance_failures/main.ray:23:12
   │
23 │     return missing(true)
   ╰╴           ━━━━━━━

[error]: ambiguous global instances: `main.Choice[bool]`
   ╭▸ compiler/e2e/test/check/tast/implicit_instance_failures/main.ray:26:12
   │
26 │     return ambiguous(true)
   ╰╴           ━━━━━━━━━

[error]: cannot infer instance requirement: `main.Missing[{any}]`
   ╭▸ compiler/e2e/test/check/tast/implicit_instance_failures/main.ray:29:31
   │
29 │     let callback = (value) -> missing(value)
   ╰╴                              ━━━━━━━

[error]: no implicit instance found: `main.Missing[bool]`
   ╭▸ compiler/e2e/test/check/tast/implicit_instance_failures/main.ray:37:28
   │
37 │     return ambiguous[given Nested](1)
   ╰╴                           ━━━━━━

[error]: Compilation aborted due to 4 error(s)



stdout:
