---
source: compiler/e2e/test/check/mod.rs
expression: run
---
stderr:
[error]: where-clause obligation for `main.Declared` is not satisfied
   ╭▸ compiler/e2e/test/check/reference/inferred_outlives/main.ray:33:12
   │
33 │     inner: Declared['a, t]
   ╰╴           ━━━━━━━━━━━━━━━ `t` must outlive `'a`

[error]: where-clause obligation for `main.UsesDeclaredBounded` is not satisfied
   ╭▸ compiler/e2e/test/check/reference/inferred_outlives/main.ray:60:33
   │
60 │ def usesDeclared['a, t](value: *UsesDeclaredBounded['a, t]) given (
   ╰╴                                ━━━━━━━━━━━━━━━━━━━━━━━━━━ `t` must outlive `'a`

[error]: the type `t` may not live long enough
   ╭▸ compiler/e2e/test/check/reference/inferred_outlives/main.ray:62:30
   │
62 │ ) -> () where (project.Out = &'a t):
   │                              ━━━━━ the reference requires `t: 'a`
   │
   ╰ help: consider adding `where (t: 'a)`

[error]: where-clause obligation for `main.Holder` is not satisfied
   ╭▸ compiler/e2e/test/check/reference/inferred_outlives/main.ray:66:48
   │
66 │ def unbounded['a, t]() given (project: Project[Holder['a, t]]) -> ():
   ╰╴                                               ━━━━━━━━━━━━━ `t` must outlive `'a`

[error]: where-clause obligation for `main.Holder` is not satisfied
   ╭▸ compiler/e2e/test/check/reference/inferred_outlives/main.ray:75:35
   │
75 │ inst HolderOut['a, t] for Project[Holder['a, t]]:
   ╰╴                                  ━━━━━━━━━━━━━ `t` must outlive `'a`

[error]: Compilation aborted due to 5 error(s)



stdout:
