---
source: compiler/e2e/test/check/mod.rs
expression: run
---
stderr:
[error]: an instance member cannot have an access modifier
  ╭▸ compiler/e2e/test/check/access/invalid_access_modifier/main.ray:7:5
  │
7 │     pub type Output = int32
  │     ━━━
  │
  ╰ help: an instance member has the accessibility of the trait member it implements

[error]: an instance member cannot have an access modifier
  ╭▸ compiler/e2e/test/check/access/invalid_access_modifier/main.ray:8:5
  │
8 │     pub def show(value: int32) -> int32:
  │     ━━━
  │
  ╰ help: an instance member has the accessibility of the trait member it implements

[error]: a marker implementation cannot have an access modifier
   ╭▸ compiler/e2e/test/check/access/invalid_access_modifier/main.ray:15:1
   │
15 │ pub impl Plain for int32
   │ ━━━
   │
   ╰ help: a marker implementation applies wherever its marker is accessible

[error]: Compilation aborted due to 3 error(s)



stdout:
