---
source: compiler/e2e/test/check/mod.rs
expression: run
---
stderr:
[error]: unit is not allowed in an extern parameter
  ╭▸ compiler/e2e/test/check/ffi/invalid_signatures/main.ray:1:32
  │
1 │ extern def unitParameter(value: ()) -> c_int
  ╰╴                               ━━━

[error]: this type is not supported in an extern parameter
  ╭▸ compiler/e2e/test/check/ffi/invalid_signatures/main.ray:2:33
  │
2 │ extern def tupleParameter(value: (c_int, c_int)) -> c_int
  ╰╴                                ━━━━━━━━━━━━━━━

[error]: unexpected `def` keyword, expected `{ ... }` block, `c_int` keyword, `this` keyword, `bool` keyword, `int32` keyword, `&` punctuation, `float32` keyword, `( ... )` block, `*` punctuation, `'` punctuation, identifier, `cstr` keyword
  ╭▸ compiler/e2e/test/check/ffi/invalid_signatures/main.ray:3:30
  │
3 │ extern def lambdaReturn() -> def(c_int) -> c_int
  ╰╴                             ━━━

[error]: an extern definition cannot be polymorphic
  ╭▸ compiler/e2e/test/check/ffi/invalid_signatures/main.ray:4:12
  │
4 │ extern def polymorphic(value: a) -> a
  ╰╴           ━━━━━━━━━━━

[error]: symbol `a` is not found
  ╭▸ compiler/e2e/test/check/ffi/invalid_signatures/main.ray:4:31
  │
4 │ extern def polymorphic(value: a) -> a
  ╰╴                              ━ symbol `a` is not found

[error]: this type is not supported as an extern return type
  ╭▸ compiler/e2e/test/check/ffi/invalid_signatures/main.ray:4:37
  │
4 │ extern def polymorphic(value: a) -> a
  ╰╴                                    ━

[error]: symbol `a` is not found
  ╭▸ compiler/e2e/test/check/ffi/invalid_signatures/main.ray:4:37
  │
4 │ extern def polymorphic(value: a) -> a
  ╰╴                                    ━ symbol `a` is not found

[error]: Compilation aborted due to 7 error(s)



stdout:
