---
source: compiler/e2e/test/check/mod.rs
expression: run
---
stderr:
[error]: given argument `main.OrdBool` does not implement `main.Eq[int32]`
   ╭▸ compiler/e2e/test/check/tast/explicit_given_trait_ref/main.ray:23:27
   │
23 │     return accepts given (OrdBool)(value)
   ╰╴                          ━━━━━━━

[error]: mismatched argument types in function call: expected `bool`, but found `int32`
   ╭▸ compiler/e2e/test/check/tast/explicit_given_trait_ref/main.ray:26:46
   │
26 │     return accepts given (equality = EqBool)(value)
   ╰╴                                             ━━━━━

[error]: given argument `ordering` does not implement `main.Eq[a]`
   ╭▸ compiler/e2e/test/check/tast/explicit_given_trait_ref/main.ray:29:27
   │
29 │     return accepts given (ordering)(value)
   ╰╴                          ━━━━━━━━

[error]: mismatched argument types in function call: expected `bool`, but found `int32`
   ╭▸ compiler/e2e/test/check/tast/explicit_given_trait_ref/main.ray:45:44
   │
45 │     return accepts given (GenericEq[bool])(value)
   ╰╴                                           ━━━━━

[error]: given argument `main.EqBool` does not implement `main.Eq[int32]`
   ╭▸ compiler/e2e/test/check/tast/explicit_given_trait_ref/main.ray:58:35
   │
58 │     return IntMember.check given (EqBool)()
   ╰╴                                  ━━━━━━

[error]: given argument `main.EqBool` does not implement `main.Eq[int32]`
   ╭▸ compiler/e2e/test/check/tast/explicit_given_trait_ref/main.ray:64:32
   │
64 │     return member.check given (EqBool)()
   ╰╴                               ━━━━━━

[error]: given argument `main.EqBool` does not implement `main.Eq[int32]`
   ╭▸ compiler/e2e/test/check/tast/explicit_given_trait_ref/main.ray:70:52
   │
70 │     let local: def() -> () \ {Reader[int32] given (EqBool)} = callback
   ╰╴                                                   ━━━━━━

[error]: mismatched types in variable assignment: expected `def() -> () \ {Reader[int32] given(EqBool)}`, but found `def() -> () \ {Reader[int32] given(EqInt)}`
   ╭▸ compiler/e2e/test/check/tast/explicit_given_trait_ref/main.ray:70:63
   │
70 │     let local: def() -> () \ {Reader[int32] given (EqBool)} = callback
   ╰╴                                                              ━━━━━━━━

[error]: Compilation aborted due to 8 error(s)



stdout:
