---
source: compiler/e2e/test/run/mod.rs
expression: rendered
---
case 1:

exit_code: 0

stdout:
fibonacci(0) = 0


stderr:


case 2:

exit_code: 0

stdout:
fibonacci(1) = 1


stderr:


case 3:

exit_code: 0

stdout:
fibonacci(5) = 5


stderr:


case 4:

exit_code: 0

stdout:
fibonacci(10) = 55


stderr:
