---
source: compiler/e2e/test/check/mod.rs
expression: run
---
stderr:
[error]: mismatched types in variable assignment: expected `bool`, but found `{numeric}`
   ╭▸ compiler/e2e/test/check/tast/lambda_annotated_effect_mismatch/main.ray:15:11
   │
15 │     var = 32
   ╰╴          ━━

[error]: Compilation aborted due to 1 error(s)



stdout:
